// Vitest Snapshot v1, https://vitest.dev/guide/snapshot.html

exports[`oath-signature scenario: pdf branch — single signer > N=1 → pdf row terminates done; signer remains grouped as a batch member 1`] = `
[
  {
    "archetype": "batch",
    "data": {
      "__id": "scenario-pdf-single",
      "__name": "oath-single.pdf",
      "__queueTitle": "Oath Signature oath-single.pdf",
      "__queueTitleKind": "single",
      "__subject": "Oath Signature oath-single.pdf",
      "__subjectKind": "pdf",
      "archetype": "batch",
      "instance": "<instance>",
      "pdfOriginalName": "oath-single.pdf",
      "sessionId": "scenario-pdf-single",
    },
    "displayId": "scenario-pdf-single",
    "itemId": "<itemId>",
    "parentRunId": null,
    "rowTypeLabel": "Normal row",
    "runId": "<runId>",
    "status": "done",
    "statusLabel": "Done",
    "step": undefined,
    "subtitle": "Oath · <last4>",
    "surfacePlacement": "grouped",
    "surfaceType": "normal",
    "title": "oath-single.pdf",
    "workflow": "oath-signature",
  },
  {
    "archetype": "batch-member",
    "data": {
      "__id": "10000050",
      "__name": "Solo Signer",
      "__queueTitle": "Oath Signature EID 10000050",
      "__queueTitleKind": "single",
      "__subject": "Oath Signature EID 10000050",
      "__subjectKind": "eid",
      "archetype": "batch-member",
      "date": "05/01/2026",
      "emplId": "10000050",
      "instance": "<instance>",
      "name": "Solo Signer",
    },
    "displayId": "10000050",
    "itemId": "<itemId>",
    "parentRunId": "scenario-pdf-single#<run>",
    "rowTypeLabel": "Delegation member",
    "runId": "<runId>",
    "status": "done",
    "statusLabel": "Done",
    "step": undefined,
    "subtitle": "10000050",
    "surfacePlacement": "grouped",
    "surfaceType": "delegation-member",
    "title": "Solo Signer",
    "workflow": "oath-signature",
  },
]
`;
