// Vitest Snapshot v1, https://vitest.dev/guide/snapshot.html

exports[`oath-signature scenario: pdf branch — cancel during ocr approval > cancel during ocr-await aborts handler; fan-out never runs 1`] = `
{
  "archetype": "batch-parent",
  "data": {
    "__id": "scenario-pdf-cancel",
    "__name": "oath-cancel.pdf",
    "__queueTitle": "Oath Signature oath-cancel.pdf",
    "__queueTitleKind": "single",
    "__subject": "Oath Signature oath-cancel.pdf",
    "__subjectKind": "pdf",
    "archetype": "batch-parent",
    "instance": "<instance>",
    "pdfOriginalName": "oath-cancel.pdf",
    "sessionId": "scenario-pdf-cancel",
  },
  "displayId": "scenario-pdf-cancel",
  "error": "Cancelled by user before step 'cancelled'",
  "itemId": "<itemId>",
  "parentRunId": null,
  "rowTypeLabel": "Normal row",
  "runId": "<runId>",
  "status": "failed",
  "statusLabel": "Cancelled",
  "step": "cancelled",
  "subtitle": "Oath · <last4>",
  "surfacePlacement": "grouped",
  "surfaceType": "normal",
  "title": "Oath Signature oath-cancel.pdf",
  "workflow": "oath-signature",
}
`;
